2026-09-17 12:20:50,307 - INFO - Connected to DuckDB instance
2026-09-17 12:20:50,311 - ERROR - An error occurred: IO Error: No files found that match the pattern "data/vehicle_emmissions.csv"

LINE 4:             'data/vehicle_emmissions.csv');
                                               ^
2026-09-17 12:21:15,600 - INFO - Connected to DuckDB instance
2026-09-17 12:21:15,634 - INFO - Dropped table if exists
2026-09-17 12:21:15,635 - INFO - vehicle_emissions: 8 rows loaded
2026-09-17 12:22:36,075 - INFO - Connected to DuckDB instance
2026-09-17 12:22:36,081 - ERROR - An error occurred: Catalog Error: Table with name "vehicle_emissions" already exists!
2026-09-17 12:29:37,020 - INFO - Connected to DuckDB instance
2026-09-17 12:29:37,027 - ERROR - An error occurred: Catalog Error: Table with name "vehicle_emissions" already exists!
2026-09-17 12:32:06,312 - INFO - Connected to DuckDB instance
2026-09-17 12:32:06,318 - ERROR - An error occurred: Catalog Error: Table with name "vehicle_emissions" already exists!
2026-09-17 12:36:09,856 - INFO - Connected to DuckDB instance
2026-09-17 12:36:09,861 - ERROR - An error occurred: Catalog Error: Table with name "vehicle_emissions" already exists!
2026-09-17 12:36:32,988 - INFO - Connected to DuckDB instance
2026-09-17 12:36:32,993 - ERROR - An error occurred: Catalog Error: Table with name "vehicle_emissions" already exists!
2026-09-17 12:36:47,823 - INFO - Connected to DuckDB instance
2026-09-17 12:36:47,833 - INFO - Dropped table if exists
2026-09-17 12:36:47,833 - INFO - vehicle_emissions: 8 rows loaded
2026-09-17 12:36:47,836 - ERROR - An error occurred: Catalog Error: Table with name yellow_trips does not exist!
Did you mean "pg_description"?
2026-09-17 12:43:20,556 - INFO - Connected to DuckDB instance
2026-09-17 12:43:20,565 - INFO - Dropped table if exists
2026-09-17 12:43:20,566 - INFO - vehicle_emissions: 8 rows loaded
2026-09-17 12:43:20,568 - ERROR - An error occurred: Catalog Error: Table with name yellow_trips does not exist!
Did you mean "pg_description"?
2026-09-17 12:48:37,946 - INFO - Connected to DuckDB instance
2026-09-17 12:48:37,955 - INFO - Dropped table if exists
2026-09-17 12:48:37,956 - INFO - vehicle_emissions: 8 rows loaded
2026-09-17 12:48:37,958 - ERROR - An error occurred: Catalog Error: Table with name yellow_trips does not exist!
Did you mean "pg_description"?
2026-09-17 12:56:34,264 - INFO - Connected to DuckDB instance
2026-09-17 12:56:34,274 - INFO - Dropped table if exists
2026-09-17 12:56:34,275 - INFO - vehicle_emissions: 8 rows loaded
2026-09-17 12:56:34,278 - ERROR - An error occurred: Catalog Error: Table with name yellow_trips does not exist!
Did you mean "pg_description"?
2026-09-17 13:07:08,322 - INFO - Connected to DuckDB instance
2026-09-17 13:07:08,331 - INFO - Dropped table if exists
2026-09-17 13:07:08,332 - INFO - vehicle_emissions: 8 rows loaded
2026-09-17 13:07:10,989 - ERROR - An error occurred: IO Error: No files found that match the pattern ".../yellow_tripdata_2024-01.parquet"

LINE 1: INSERT INTO yellow_trips SELECT * FROM read_parquet('.../yellow_tripdata_2024-01.parquet')
                                               ^
2026-09-17 13:08:23,169 - INFO - Connected to DuckDB instance
2026-09-17 13:08:23,184 - INFO - Dropped table if exists
2026-09-17 13:08:23,185 - INFO - vehicle_emissions: 8 rows loaded
2026-09-17 13:08:26,748 - ERROR - An error occurred: HTTP Error: HTTP GET error on 'https://d37ci6vzurychx.cloudfront.net/trip-datayellow_tripdata_2024-01.parquet' (HTTP 0 Internal Server Error)

LINE 1: INSERT INTO yellow_trips SELECT * FROM read_parquet('https://d37ci6vzurychx.cloudfront.net/trip...
                                               ^
2026-09-17 13:09:02,898 - INFO - Connected to DuckDB instance
2026-09-17 13:09:02,908 - INFO - Dropped table if exists
2026-09-17 13:09:02,909 - INFO - vehicle_emissions: 8 rows loaded
2026-09-17 13:09:04,607 - ERROR - An error occurred: Binder Error: table yellow_trips has 5 columns but 19 values were supplied
2026-09-17 13:11:53,766 - INFO - Connected to DuckDB instance
2026-09-17 13:11:53,781 - INFO - Dropped table if exists
2026-09-17 13:11:53,782 - INFO - vehicle_emissions: 8 rows loaded
2026-09-17 13:11:53,785 - ERROR - An error occurred: IO Error: No files found that match the pattern "yellow_tripdata_2024-01.parquet"

LINE 2:                 SELECT * FROM read_csv_auto(
                                      ^
2026-09-17 13:12:17,743 - INFO - Connected to DuckDB instance
2026-09-17 13:12:17,757 - INFO - Dropped table if exists
2026-09-17 13:12:17,757 - INFO - vehicle_emissions: 8 rows loaded
2026-09-17 13:12:18,077 - ERROR - An error occurred: Invalid Input Error: Error when sniffing file "https://d37ci6vzurychx.cloudfront.net/trip-data/yellow_tripdata_2024-01.parquet".
It was not possible to automatically detect the CSV parsing dialect
The search space used was:
Delimiter Candidates: ',', '|', ';', '	'
Quote/Escape Candidates: ['(no quote)','(no escape)'],['"','(no escape)'],['"','"'],['"','''],['"','\'],[''','(no escape)'],[''','''],[''','"'],[''','\']
Comment Candidates: '\0', '#'
Encoding: utf-8
Possible fixes:
* Disable the parser's strict mode (strict_mode=false) to allow reading rows that do not comply with the CSV standard.
* Make sure you are using the correct file encoding. If not, set it (e.g., encoding = 'utf-16').
* Set delimiter (e.g., delim=',')
* Set quote (e.g., quote='"')
* Set escape (e.g., escape='"')
* Set comment (e.g., comment='#')
* Set skip (skip=${n}) to skip ${n} lines at the top of the file
* Enable ignore errors (ignore_errors=true) to ignore potential errors
* Enable null padding (null_padding=true) to pad missing columns with NULL values
* Check you are using the correct file compression, otherwise set it (e.g., compression = 'zstd')
* Be sure that the maximum line size is set to an appropriate value, otherwise set it (e.g., max_line_size=10000000)


LINE 2:                 SELECT * FROM read_csv_auto(
                                      ^
2026-09-17 13:14:35,035 - INFO - Connected to DuckDB instance
2026-09-17 13:14:35,046 - INFO - Dropped table if exists
2026-09-17 13:14:35,047 - INFO - vehicle_emissions: 8 rows loaded
2026-09-17 13:14:35,351 - ERROR - An error occurred: Invalid Input Error: Error when sniffing file "https://d37ci6vzurychx.cloudfront.net/trip-data/yellow_tripdata_2024-01.parquet".
It was not possible to automatically detect the CSV parsing dialect
The search space used was:
Delimiter Candidates: ',', '|', ';', '	'
Quote/Escape Candidates: ['(no quote)','(no escape)'],['"','(no escape)'],['"','"'],['"','''],['"','\'],[''','(no escape)'],[''','''],[''','"'],[''','\']
Comment Candidates: '\0', '#'
Encoding: utf-8
Possible fixes:
* Disable the parser's strict mode (strict_mode=false) to allow reading rows that do not comply with the CSV standard.
* Make sure you are using the correct file encoding. If not, set it (e.g., encoding = 'utf-16').
* Set delimiter (e.g., delim=',')
* Set quote (e.g., quote='"')
* Set escape (e.g., escape='"')
* Set comment (e.g., comment='#')
* Set skip (skip=${n}) to skip ${n} lines at the top of the file
* Enable ignore errors (ignore_errors=true) to ignore potential errors
* Enable null padding (null_padding=true) to pad missing columns with NULL values
* Check you are using the correct file compression, otherwise set it (e.g., compression = 'zstd')
* Be sure that the maximum line size is set to an appropriate value, otherwise set it (e.g., max_line_size=10000000)


LINE 2:                 SELECT * FROM read_csv_auto(
                                      ^
2026-09-17 13:18:31,502 - INFO - Connected to DuckDB instance
2026-09-17 13:18:31,514 - INFO - Dropped table if exists
2026-09-17 13:18:31,514 - INFO - vehicle_emissions: 8 rows loaded
2026-09-17 13:18:31,770 - ERROR - An error occurred: Invalid Input Error: Error when sniffing file "https://d37ci6vzurychx.cloudfront.net/trip-data/yellow_tripdata_2024-01.parquet".
It was not possible to automatically detect the CSV parsing dialect
The search space used was:
Delimiter Candidates: ',', '|', ';', '	'
Quote/Escape Candidates: ['(no quote)','(no escape)'],['"','(no escape)'],['"','"'],['"','''],['"','\'],[''','(no escape)'],[''','''],[''','"'],[''','\']
Comment Candidates: '\0', '#'
Encoding: utf-8
Possible fixes:
* Disable the parser's strict mode (strict_mode=false) to allow reading rows that do not comply with the CSV standard.
* Make sure you are using the correct file encoding. If not, set it (e.g., encoding = 'utf-16').
* Set delimiter (e.g., delim=',')
* Set quote (e.g., quote='"')
* Set escape (e.g., escape='"')
* Set comment (e.g., comment='#')
* Set skip (skip=${n}) to skip ${n} lines at the top of the file
* Enable ignore errors (ignore_errors=true) to ignore potential errors
* Enable null padding (null_padding=true) to pad missing columns with NULL values
* Check you are using the correct file compression, otherwise set it (e.g., compression = 'zstd')
* Be sure that the maximum line size is set to an appropriate value, otherwise set it (e.g., max_line_size=10000000)


LINE 4:                 'https://d37ci6vzurychx.cloudfront.net/trip-data/yellow_tripdata_2024-01.parquet...
                                            ^
2026-09-17 13:19:06,232 - INFO - Connected to DuckDB instance
2026-09-17 13:19:06,244 - INFO - Dropped table if exists
2026-09-17 13:19:06,244 - INFO - vehicle_emissions: 8 rows loaded
2026-09-17 13:19:06,495 - ERROR - An error occurred: Invalid Input Error: Error when sniffing file "https://d37ci6vzurychx.cloudfront.net/trip-data/yellow_tripdata_2024-01.parquet".
It was not possible to automatically detect the CSV parsing dialect
The search space used was:
Delimiter Candidates: ',', '|', ';', '	'
Quote/Escape Candidates: ['(no quote)','(no escape)'],['"','(no escape)'],['"','"'],['"','''],['"','\'],[''','(no escape)'],[''','''],[''','"'],[''','\']
Comment Candidates: '\0', '#'
Encoding: utf-8
Possible fixes:
* Disable the parser's strict mode (strict_mode=false) to allow reading rows that do not comply with the CSV standard.
* Make sure you are using the correct file encoding. If not, set it (e.g., encoding = 'utf-16').
* Set delimiter (e.g., delim=',')
* Set quote (e.g., quote='"')
* Set escape (e.g., escape='"')
* Set comment (e.g., comment='#')
* Set skip (skip=${n}) to skip ${n} lines at the top of the file
* Enable ignore errors (ignore_errors=true) to ignore potential errors
* Enable null padding (null_padding=true) to pad missing columns with NULL values
* Check you are using the correct file compression, otherwise set it (e.g., compression = 'zstd')
* Be sure that the maximum line size is set to an appropriate value, otherwise set it (e.g., max_line_size=10000000)


LINE 4:                 'https://d37ci6vzurychx.cloudfront.net/trip-data/yellow_tripdata_2024-01.parquet...
                                            ^
2026-09-17 13:23:20,023 - INFO - Connected to DuckDB instance
2026-09-17 13:23:20,034 - INFO - Dropped table if exists
2026-09-17 13:23:20,034 - INFO - vehicle_emissions: 8 rows loaded
2026-09-17 13:23:20,307 - ERROR - An error occurred: Invalid Input Error: Error when sniffing file "https://d37ci6vzurychx.cloudfront.net/trip-data/yellow_tripdata_2024-01.parquet".
It was not possible to automatically detect the CSV parsing dialect
The search space used was:
Delimiter Candidates: ',', '|', ';', '	'
Quote/Escape Candidates: ['(no quote)','(no escape)'],['"','(no escape)'],['"','"'],['"','''],['"','\'],[''','(no escape)'],[''','''],[''','"'],[''','\']
Comment Candidates: '\0', '#'
Encoding: utf-8
Possible fixes:
* Disable the parser's strict mode (strict_mode=false) to allow reading rows that do not comply with the CSV standard.
* Make sure you are using the correct file encoding. If not, set it (e.g., encoding = 'utf-16').
* Set delimiter (e.g., delim=',')
* Set quote (e.g., quote='"')
* Set escape (e.g., escape='"')
* Set comment (e.g., comment='#')
* Set skip (skip=${n}) to skip ${n} lines at the top of the file
* Enable ignore errors (ignore_errors=true) to ignore potential errors
* Enable null padding (null_padding=true) to pad missing columns with NULL values
* Check you are using the correct file compression, otherwise set it (e.g., compression = 'zstd')
* Be sure that the maximum line size is set to an appropriate value, otherwise set it (e.g., max_line_size=10000000)


LINE 4:                 'https://d37ci6vzurychx.cloudfront.net/trip-data/yellow_tripdata_2024-01.parquet...
                                            ^
2026-09-17 13:25:42,865 - INFO - Connected to DuckDB instance
2026-09-17 13:25:42,876 - INFO - Dropped table if exists
2026-09-17 13:25:42,876 - INFO - vehicle_emissions: 8 rows loaded
2026-09-17 13:25:43,122 - ERROR - An error occurred: Invalid Input Error: Error when sniffing file "https://d37ci6vzurychx.cloudfront.net/trip-data/yellow_tripdata_2024-01.parquet".
It was not possible to automatically detect the CSV parsing dialect
The search space used was:
Delimiter Candidates: ',', '|', ';', '	'
Quote/Escape Candidates: ['(no quote)','(no escape)'],['"','(no escape)'],['"','"'],['"','''],['"','\'],[''','(no escape)'],[''','''],[''','"'],[''','\']
Comment Candidates: '\0', '#'
Encoding: utf-8
Possible fixes:
* Disable the parser's strict mode (strict_mode=false) to allow reading rows that do not comply with the CSV standard.
* Make sure you are using the correct file encoding. If not, set it (e.g., encoding = 'utf-16').
* Set delimiter (e.g., delim=',')
* Set quote (e.g., quote='"')
* Set escape (e.g., escape='"')
* Set comment (e.g., comment='#')
* Set skip (skip=${n}) to skip ${n} lines at the top of the file
* Enable ignore errors (ignore_errors=true) to ignore potential errors
* Enable null padding (null_padding=true) to pad missing columns with NULL values
* Check you are using the correct file compression, otherwise set it (e.g., compression = 'zstd')
* Be sure that the maximum line size is set to an appropriate value, otherwise set it (e.g., max_line_size=10000000)


LINE 4:                 'https://d37ci6vzurychx.cloudfront.net/trip-data/yellow_tripdata_2024-01.parquet...
                                            ^
2026-09-17 13:27:42,691 - INFO - Connected to DuckDB instance
2026-09-17 13:27:42,702 - INFO - Dropped table if exists
2026-09-17 13:27:42,703 - INFO - vehicle_emissions: 8 rows loaded
2026-09-17 13:27:43,067 - ERROR - An error occurred: Invalid Input Error: Error when sniffing file "https://d37ci6vzurychx.cloudfront.net/trip-data/yellow_tripdata_2024-01.parquet".
It was not possible to automatically detect the CSV parsing dialect
The search space used was:
Delimiter Candidates: ',', '|', ';', '	'
Quote/Escape Candidates: ['(no quote)','(no escape)'],['"','(no escape)'],['"','"'],['"','''],['"','\'],[''','(no escape)'],[''','''],[''','"'],[''','\']
Comment Candidates: '\0', '#'
Encoding: utf-8
Possible fixes:
* Disable the parser's strict mode (strict_mode=false) to allow reading rows that do not comply with the CSV standard.
* Make sure you are using the correct file encoding. If not, set it (e.g., encoding = 'utf-16').
* Set delimiter (e.g., delim=',')
* Set quote (e.g., quote='"')
* Set escape (e.g., escape='"')
* Set comment (e.g., comment='#')
* Set skip (skip=${n}) to skip ${n} lines at the top of the file
* Enable ignore errors (ignore_errors=true) to ignore potential errors
* Enable null padding (null_padding=true) to pad missing columns with NULL values
* Check you are using the correct file compression, otherwise set it (e.g., compression = 'zstd')
* Be sure that the maximum line size is set to an appropriate value, otherwise set it (e.g., max_line_size=10000000)


LINE 4:                 'https://d37ci6vzurychx.cloudfront.net/trip-data/yellow_tripdata_2024-01.parquet...
                                            ^
2026-09-17 13:32:55,308 - INFO - Connected to DuckDB instance
2026-09-17 13:32:55,311 - ERROR - An error occurred: Invalid Input Error: No magic bytes found at end of file 'data/vehicle_emissions.csv'

LINE 4:             'data/vehicle_emissions.csv');
                                              ^
2026-09-17 13:33:26,341 - INFO - Connected to DuckDB instance
2026-09-17 13:33:26,349 - INFO - Dropped table if exists
2026-09-17 13:33:26,350 - INFO - vehicle_emissions: 8 rows loaded
2026-09-17 13:33:35,026 - ERROR - An error occurred: Parser Error: unterminated quoted identifier at or near ""SELECT 
                VendorID,
                tpep_picup_datetime AS pickup_time, -- lpep_pickup_datetime on GREEN
                tpep_dropoff_datetime AS dropoff_time, --lpep_dropoff_datetime on GREEN
                passenger_count,
                trip_distance
                FROM read_parquet(url)
                "

LINE 2:                 "SELECT 
                        ^
